
> ds-uth-bank@0.0.0 build
> vite build

[36mvite v6.4.1 [32mbuilding for production...[36m[39m
transforming...
[32mέεΥ[39m 1751 modules transformed.
rendering chunks...
computing gzip size...
[2mdist/[22m[32mregisterSW.js                       [39m[1m[2m    0.13 kB[22m[1m[22m
[2mdist/[22m[32mmanifest.webmanifest                [39m[1m[2m    0.51 kB[22m[1m[22m
[2mdist/[22m[32mindex.html                          [39m[1m[2m    1.70 kB[22m[1m[22m[2m έΦΓ gzip:   0.82 kB[22m
[2mdist/[22m[32massets/pdf.worker.min-wgc6bjNh.mjs  [39m[1m[2m1,078.61 kB[22m[1m[22m
[2mdist/[22m[35massets/index-Cmnv6XM3.css           [39m[1m[2m   12.35 kB[22m[1m[22m[2m έΦΓ gzip:   2.74 kB[22m
[2mdist/[22m[36massets/web-B13npWQq.js              [39m[1m[2m    0.36 kB[22m[1m[22m[2m έΦΓ gzip:   0.25 kB[22m
[2mdist/[22m[36massets/web-DA_OT7uM.js              [39m[1m[2m    0.38 kB[22m[1m[22m[2m έΦΓ gzip:   0.25 kB[22m
[2mdist/[22m[36massets/web-CCvA6vyg.js              [39m[1m[2m    0.76 kB[22m[1m[22m[2m έΦΓ gzip:   0.36 kB[22m
[2mdist/[22m[36massets/AdminRequests-DAk1hxis.js    [39m[1m[2m    3.91 kB[22m[1m[22m[2m έΦΓ gzip:   1.59 kB[22m
[2mdist/[22m[36massets/AdminUsers-DJFgeM7i.js       [39m[1m[2m    5.00 kB[22m[1m[22m[2m έΦΓ gzip:   1.55 kB[22m
[2mdist/[22m[36massets/web-DEG1fZcD.js              [39m[1m[2m    8.74 kB[22m[1m[22m[2m έΦΓ gzip:   2.98 kB[22m
[2mdist/[22m[36massets/purify.es-B9ZVCkUG.js        [39m[1m[2m   22.64 kB[22m[1m[22m[2m έΦΓ gzip:   8.75 kB[22m
[2mdist/[22m[36massets/AdminFiles-O-Nf8Ggl.js       [39m[1m[2m   34.70 kB[22m[1m[22m[2m έΦΓ gzip:  10.55 kB[22m
[2mdist/[22m[36massets/index.es-BHGuH0ES.js         [39m[1m[2m  159.28 kB[22m[1m[22m[2m έΦΓ gzip:  53.37 kB[22m
[2mdist/[22m[36massets/html2canvas.esm-CBrSDip1.js  [39m[1m[2m  202.30 kB[22m[1m[22m[2m έΦΓ gzip:  48.03 kB[22m
[2mdist/[22m[36massets/index-CUlJDWCS.js            [39m[1m[33m2,240.08 kB[39m[22m[2m έΦΓ gzip: 666.30 kB[22m

(!) Some chunks are larger than 500 kB after minification. Consider:
- Using dynamic import() to code-split the application
- Use build.rollupOptions.output.manualChunks to improve chunking: https://rollupjs.org/configuration-options/#output-manualchunks
- Adjust chunk size limit for this warning via build.chunkSizeWarningLimit.
[32mέεΥ built in 8.88s[39m
error during build:
Error: 
  Configure "workbox.maximumFileSizeToCacheInBytes" to change the limit: the default value is 2 MiB.
  Check https://vite-pwa-org.netlify.app/guide/faq.html#missing-assets-from-sw-precache-manifest for more information.
  Assets exceeding the limit:
  - assets/index-CUlJDWCS.js is 2.24 MB, and won't be precached.

    at logWorkboxResult (file:///C:/Projects/DS%20UTH%20%CE%A4%CE%A1%CE%91%CE%A0%CE%95%CE%96%CE%91%20%CE%98%CE%95%CE%9C%CE%91%CE%A4%CE%A9%CE%9D/dsuth-exam-bank/node_modules/vite-plugin-pwa/dist/chunk-G4TAN34B.js:44:13)
    at generateServiceWorker (file:///C:/Projects/DS%20UTH%20%CE%A4%CE%A1%CE%91%CE%A0%CE%95%CE%96%CE%91%20%CE%98%CE%95%CE%9C%CE%91%CE%A4%CE%A9%CE%9D/dsuth-exam-bank/node_modules/vite-plugin-pwa/dist/index.js:209:3)
    at async _generateSW (file:///C:/Projects/DS%20UTH%20%CE%A4%CE%A1%CE%91%CE%A0%CE%95%CE%96%CE%91%20%CE%98%CE%95%CE%9C%CE%91%CE%A4%CE%A9%CE%9D/dsuth-exam-bank/node_modules/vite-plugin-pwa/dist/index.js:234:5)
    at async Object.handler (file:///C:/Projects/DS%20UTH%20%CE%A4%CE%A1%CE%91%CE%A0%CE%95%CE%96%CE%91%20%CE%98%CE%95%CE%9C%CE%91%CE%A4%CE%A9%CE%9D/dsuth-exam-bank/node_modules/vite-plugin-pwa/dist/index.js:427:13)
    at async PluginDriver.hookParallel (file:///C:/Projects/DS%20UTH%20%CE%A4%CE%A1%CE%91%CE%A0%CE%95%CE%96%CE%91%20%CE%98%CE%95%CE%9C%CE%91%CE%A4%CE%A9%CE%9D/dsuth-exam-bank/node_modules/rollup/dist/es/shared/node-entry.js:22188:17)
    at async Object.close (file:///C:/Projects/DS%20UTH%20%CE%A4%CE%A1%CE%91%CE%A0%CE%95%CE%96%CE%91%20%CE%98%CE%95%CE%9C%CE%91%CE%A4%CE%A9%CE%9D/dsuth-exam-bank/node_modules/rollup/dist/es/shared/node-entry.js:23199:13)
    at async buildEnvironment (file:///C:/Projects/DS%20UTH%20%CE%A4%CE%A1%CE%91%CE%A0%CE%95%CE%96%CE%91%20%CE%98%CE%95%CE%9C%CE%91%CE%A4%CE%A9%CE%9D/dsuth-exam-bank/node_modules/vite/dist/node/chunks/dep-D4NMHUTW.js:46258:17)
    at async Object.defaultBuildApp [as buildApp] (file:///C:/Projects/DS%20UTH%20%CE%A4%CE%A1%CE%91%CE%A0%CE%95%CE%96%CE%91%20%CE%98%CE%95%CE%9C%CE%91%CE%A4%CE%A9%CE%9D/dsuth-exam-bank/node_modules/vite/dist/node/chunks/dep-D4NMHUTW.js:46713:5)
    at async CAC.<anonymous> (file:///C:/Projects/DS%20UTH%20%CE%A4%CE%A1%CE%91%CE%A0%CE%95%CE%96%CE%91%20%CE%98%CE%95%CE%9C%CE%91%CE%A4%CE%A9%CE%9D/dsuth-exam-bank/node_modules/vite/dist/node/cli.js:863:7)
